[backblue.gif]
[fade.gif]
[index.html]
[use.fontawesome.com/releases/v5.8.2/css/all.css]
[mtown88.com/assets/mt2/js/jquery.min.js]
[mtown88.com/assets/mt2/images/logo-desktop.png]
[mtown88.com/assets/upload/promo/20welcome.jpg]
[mtown88.com/assets/upload/promo/80welcome.jpg]
[mtown88.com/assets/upload/promo/3live.jpg]
[mtown88.com/assets/upload/promo/bday.jpg]
[mtown88.com/assets/upload/promo/cashback.jpg]
[mtown88.com/assets/upload/promo/mega.jpg]
[mtown88.com/assets/mt2/images/1.png]
[mtown88.com/assets/mt2/images/2.png]
[mtown88.com/assets/mt2/images/3.png]
[mtown88.com/assets/mt2/images/4.png]
[mtown88.com/assets/mt2/images/slot-home.png]
[mtown88.com/assets/mt2/images/casino-home-my.png]
[mtown88.com/assets/mt2/images/sport-home-my.png]
[mtown88.com/assets/mt2/images/mc-en.jpg]
[mtown88.com/assets/games/scr.png]
[mtown88.com/assets/games/mega.png]
[mtown88.com/assets/games/pussy888.png]
[mtown88.com/assets/games/clubsuncity.png]
[mtown88.com/assets/games/live22.png]
[mtown88.com/assets/games/newtowncasino.png]
[mtown88.com/assets/games/joker.png]
[mtown88.com/assets/games/sky777.png]
[mtown88.com/assets/mt2/images/triangle.png]
[mtown88.com/assets/mt2/js/bootstrap.min.js]
[mtown88.com/assets/mt2/js/jquery.flexslider.js]
[mtown88.com/assets/mt2/js/jquery.easing.js]
[mtown88.com/assets/mt2/js/jquery.mousewheel.js]
[mtown88.com/assets/mt2/js/pushy.min.js]
[mtown88.com/index.html]
[mtown88.com/assets/mt2/css/bootstrap.min.css]
[use.fontawesome.com/releases/v5.8.2/css/all.css]
[mtown88.com/assets/mt2/images/gamebg.png]
[cdnjs.cloudflare.com/ajax/libs/bootstrap-datepicker/1.3.0/js/bootstrap-datepicker.js]
[mtown88.com/assets/mt2/images/featbg.png]
[mtown88.com/assets/mt2/images/footer-bg.png]
[mtown88.com/assets/mt2/images/casino/casino-bg.jpg]
[mtown88.com/assets/mt2/images/member-bg.jpg]
[mtown88.com/assets/mt2/images/casino/games-frame.png]
[mtown88.com/assets/mt2/css/mt.css]
[mtown88.com/assets/mt2/css/fonts/flexslider-icon.eot]
[mtown88.com/assets/mt2/css/fonts/flexslider-icond41d.eot]
[mtown88.com/assets/mt2/css/fonts/flexslider-icon.woff]
[mtown88.com/assets/mt2/css/fonts/flexslider-icon.ttf]
[mtown88.com/assets/mt2/css/flexslider.css]
[mtown88.com/assets/mt2/css/pushy.css]
[mtown88.com/user/register.html]
[mtown88.com/user/login.html]
[mtown88.com/user/lang/en.html]
[mtown88.com/user/lang/cn.html]
[mtown88.com/user/lang/my.html]
[mtown88.com/assets/mt2/images/casino/casino-title.png]
[mtown88.com/assets/games/rollex.png]
[mtown88.com/assets/games/logo_lpe88.png]
[mtown88.com/assets/games/leocity88.png]
[mtown88.com/assets/games/s8star.png]
[mtown88.com/assets/games/king855.png]
[mtown88.com/casino.html]
[mtown88.com/assets/mt2/images/casino/slot-title.png]
[mtown88.com/assets/games/ace333.png]
[mtown88.com/assets/games/xe88.png]
[mtown88.com/slots.html]
[mtown88.com/assets/mt2/images/casino/sport-title.png]
[mtown88.com/assets/games/maxbet.png]
[mtown88.com/sportsbook.html]
[mtown88.com/assets/mt2/images/promo/promo-title.png]
[www.mtown88a.com/assets/upload/promo/20welcome.jpg]
[www.mtown88a.com/assets/upload/promo/5slot.jpg]
[www.mtown88a.com/assets/upload/promo/socialmedia.jpg]
[www.mtown88a.com/assets/upload/promo/mega.jpg]
[www.mtown88a.com/assets/upload/promo/rescue.jpg]
[www.mtown88a.com/assets/upload/promo/80welcome.jpg]
[www.mtown88a.com/assets/upload/promo/25recomm.jpg]
[www.mtown88a.com/assets/upload/promo/3live.jpg]
[www.mtown88a.com/assets/upload/promo/bday.jpg]
[www.mtown88a.com/assets/upload/promo/loyalty.jpg]
[www.mtown88a.com/assets/upload/promo/cashback.jpg]
[mtown88.com/promotions.html]
[mtown88.com/assets/mt2/images/banking/banking-title.png]
[mtown88.com/banking.html]
[mtown88.com/assets/mt2/images/237.png]
[mtown88.com/contact.html]
[mtown88.com/promotions/20-welcome-bonus-for-slots.html]
[mtown88.com/promotions/80-welcome-bonus-up-to-myr188.html]
[mtown88.com/assets/upload/promo/80welcome.jpg]
[mtown88.com/promotions/3-extra-bonus-on-live-casino.html]
[mtown88.com/promotions/birthday-bonus.html]
[mtown88.com/promotions/cashback-bonus.html]
[mtown88.com/promotions/deposit-myr160-get-myr190-mega-bonus-only-for-slot-rng.html]
[mtown88.com/deposit/add.html]
[mtown88.com/withdrawal/add.html]
[mtown88.com/terms.html]
[mtown88.com/assets/mt2/fonts/glyphicons-halflings-regular.html]
[mtown88.com/assets/mt2/fonts/glyphicons-halflings-regulard41d.html]
[mtown88.com/assets/mt2/fonts/glyphicons-halflings-regular-2.html]
[mtown88.com/assets/mt2/fonts/glyphicons-halflings-regular-3.html]
[mtown88.com/assets/mt2/fonts/glyphicons-halflings-regular-4.html]
[mtown88.com/assets/mt2/fonts/glyphicons-halflings-regular-5.html]
[mtown88.com/assets/mt2/css/fonts/flexslider-icon.svg]
[mtown88.com/assets/mt2/img/arrow.html]
[mtown88.com/user/forgot.html]
[mtown88.com/promotions/mcoin-makes-your-life-better.html]
[www.mtown88a.com/assets/upload/promo/http_/mtown88c.com/new/cms/assets/upload/promo/mcoin-bm.html]
[mtown88.com/promotions/crypto-mcoins.html]
[www.mtown88a.com/assets/upload/promo/http_/mtown88c.com/new/cms/assets/upload/promo/mcoin22.html]
[mtown88.com/promotions/5-unlimited-bonus-for-slots.html]
[mtown88.com/promotions/add-wechat-social-bonus-free-rm-12.html]
[mtown88.com/promotions/add-telegram-free-rm12.html]
[mtown88.com/promotions/mtown88-bonus-mega-slot-rng.html]
[mtown88.com/promotions/get-your-rescue-bonus-in-crypto-mcoin.html]
[mtown88.com/promotions/25-recommend-bonus.html]
[mtown88.com/promotions/weekly-loyalty-bonus.html]
